// Jest Snapshot v1, https://goo.gl/fbAQLP

exports[`SettingsScreen renders correctly 1`] = `
<RCTScrollView
  style={
    Object {
      "backgroundColor": "#FFFFFF",
      "flex": 1,
      "paddingTop": 16,
    }
  }
>
  <View>
    <SettingsRow
      onPress={[Function]}
      title="About"
    />
    <SettingsRow
      onPress={[Function]}
      title="Notifications"
    />
    <SettingsRow
      onPress={[Function]}
      title="My Location"
    />
    <SettingsRow
      onPress={[Function]}
      title="Support us!"
    />
    <SettingsRow
      onPress={[Function]}
      title="My Preferences"
    />
    <SettingsRow
      onPress={[Function]}
      title="Roadmap"
    />
    <SettingsRow
      onPress={[Function]}
      title="Feedback"
    />
    <SettingsRow
      onPress={[Function]}
      title="Terms of use"
    />
    <View
      accessible={true}
      focusable={true}
      onClick={[Function]}
      onResponderGrant={[Function]}
      onResponderMove={[Function]}
      onResponderRelease={[Function]}
      onResponderTerminate={[Function]}
      onResponderTerminationRequest={[Function]}
      onStartShouldSetResponder={[Function]}
      style={
        Object {
          "alignItems": "center",
          "flex": 1,
        }
      }
    >
      <Image
        resizeMode="contain"
        source={1}
        style={
          Object {
            "width": "50%",
          }
        }
      />
    </View>
    <Text.Tertiary
      bold={true}
      lightGray={true}
      style={
        Object {
          "marginBottom": 24,
          "textAlign": "center",
        }
      }
    >
      Version [missing %{version} value]
    </Text.Tertiary>
    <SocialMedia />
  </View>
</RCTScrollView>
`;
