// Jest Snapshot v1, https://goo.gl/fbAQLP

exports[`Partners actions should export expected actions 1`] = `
Object {
  "createPartner": [Function],
  "deletePartnerById": [Function],
}
`;
