// Jest Snapshot v1, https://goo.gl/fbAQLP

exports[`PartnersScreen renders correctly 1`] = `
<RCTScrollView
  style={
    Object {
      "backgroundColor": "#FFFFFF",
      "flex": 1,
      "paddingHorizontal": 14,
      "paddingTop": 22,
    }
  }
>
  <View>
    <Text.H3>
      Name
    </Text.H3>
    <Text.Primary
      darkGray={true}
      style={
        Object {
          "paddingBottom": 24,
          "paddingTop": 6,
        }
      }
    >
      mockConstructor
    </Text.Primary>
    <Text.H3>
      Type
    </Text.H3>
    <RCTScrollView
      horizontal={true}
      style={
        Object {
          "paddingBottom": 24,
          "paddingTop": 6,
        }
      }
    >
      <View>
        <Tag
          onPress={[Function]}
          selected={true}
          title="Custom"
        />
      </View>
    </RCTScrollView>
    <Text.H3>
      Quantity
    </Text.H3>
    <Text.Primary
      darkGray={true}
      style={
        Object {
          "paddingBottom": 24,
          "paddingTop": 6,
        }
      }
    >
      <FormattedNumber
        maximumFractionDigits={2}
        value={0}
      />
       
       gC02eq
    </Text.Primary>
    <Text.H3>
      Date
    </Text.H3>
    <View
      style={
        Object {
          "flexDirection": "row",
        }
      }
    >
      <Text.Primary
        darkGray={true}
        style={
          Array [
            Object {
              "paddingBottom": 24,
              "paddingTop": 6,
            },
            Object {
              "textTransform": "capitalize",
            },
          ]
        }
      >
        Invalid date 
      </Text.Primary>
      <Text.Primary
        darkGray={true}
        style={
          Object {
            "paddingBottom": 24,
            "paddingTop": 6,
          }
        }
      >
        Invalid date
      </Text.Primary>
    </View>
    <Button.Primary
      fullWidth={true}
      onPress={[Function]}
      textType="Primary"
    >
      <Text.Primary
        white={true}
      >
        Delete partner
      </Text.Primary>
    </Button.Primary>
  </View>
</RCTScrollView>
`;
