// Jest Snapshot v1, https://goo.gl/fbAQLP

exports[`SupportUsScreen renders correctly 1`] = `
<RCTScrollView
  style={
    Object {
      "backgroundColor": "#FFFFFF",
      "flex": 1,
      "paddingHorizontal": 14,
    }
  }
>
  <View>
    <StickersImage
      sticker="romanticDinner"
    />
    <Text.H2
      style={
        Object {
          "paddingBottom": 4,
          "paddingTop": 14,
        }
      }
    >
      Why you should consider supporting us
    </Text.H2>
    <Text.Primary
      style={
        Object {
          "paddingVertical": 10,
        }
      }
    >
      NMF.earth is not for profit, we have only raised a small amount on Kickstarter and we keep working a lot on the project even if it's not financially sustainable. Besides that, we have many costs such as servers, domain name, softwares licences, apple developer account etc.
    </Text.Primary>
    <Text.Primary
      style={
        Object {
          "paddingVertical": 10,
        }
      }
    >
      If you like this project, please consider donating a small amount to help us keep going! And since everything is transparent with us, you will be able to see how we used your donation by looking at end of the year report.
    </Text.Primary>
    <Text.Primary
      style={
        Object {
          "paddingVertical": 10,
        }
      }
    >
      You can do so on Ko-fi.
    </Text.Primary>
    <Text.Link
      style={
        Object {
          "paddingVertical": 10,
        }
      }
      url="https://ko-fi.com/pierrebresson"
    >
      Ko-fi
    </Text.Link>
    <View
      style={
        Object {
          "height": 30,
        }
      }
    />
  </View>
</RCTScrollView>
`;
