// Jest Snapshot v1, https://goo.gl/fbAQLP

exports[`ProgressChart renders correctly 1`] = `
<View
  style={
    Object {
      "backgroundColor": "#FFFFFF",
      "borderColor": "#DCF0E5",
      "borderRadius": 14,
      "borderWidth": 2,
      "flex": 1,
      "marginHorizontal": 0,
      "marginVertical": 24,
      "paddingBottom": 14,
      "paddingHorizontal": 14,
      "paddingTop": 10,
    }
  }
>
  <View
    style={
      Object {
        "alignItems": "center",
        "flex": 1,
        "marginVertical": 4,
      }
    }
  >
    <Text.H3
      style={
        Object {
          "textTransform": "capitalize",
        }
      }
    >
      2021
    </Text.H3>
  </View>
  <Chart
    foodPartnersPercentage={0.016666666666666666}
    totalPartnersPercentage={0.075}
    transportPartnersPercentage={0.05}
  />
  <Legend
    foodPartners={200}
    otherPartners={100}
    totalPartners={900}
    transportPartners={600}
  />
  <PeriodConsent
    period="2021"
    periodPartnersConsent={12000}
  />
</View>
`;
