// Jest Snapshot v1, https://goo.gl/fbAQLP

exports[`renders correctly ComingSoon 1`] = `
<RCTSafeAreaView
  emulateUnlessSupported={true}
  style={
    Object {
      "backgroundColor": "#FFFFFF",
      "flex": 1,
      "justifyContent": "space-between",
      "paddingHorizontal": 14,
    }
  }
>
  <View
    style={
      Object {
        "flex": 2,
      }
    }
  >
    <StickersImage
      sticker="treeHeart"
    />
  </View>
  <View
    style={
      Object {
        "alignItems": "center",
        "flex": 2,
        "paddingHorizontal": 14,
      }
    }
  >
    <Text.H3
      style={
        Object {
          "paddingVertical": 10,
          "textAlign": "center",
        }
      }
    >
      Welcome to conÂ¢
    </Text.H3>
    <Text.Tertiary
      style={
        Object {
          "paddingVertical": 10,
          "textAlign": "center",
        }
      }
    >
      By proceeding, you are agreeing to our terms of use.
    </Text.Tertiary>
    <TouchableOpacity
      onPress={[Function]}
    >
      <Text.Tertiary
        green={true}
      >
        Read terms of use
      </Text.Tertiary>
    </TouchableOpacity>
    <View
      style={
        Object {
          "bottom": 14,
          "left": 0,
          "marginHorizontal": 14,
          "position": "absolute",
          "right": 0,
        }
      }
    >
      <Button.Primary
        fullWidth={true}
        onPress={[Function]}
        textType="Primary"
      >
        <Text.Primary
          bold={true}
          center={true}
          white={true}
        >
          I agree
        </Text.Primary>
      </Button.Primary>
    </View>
  </View>
</RCTSafeAreaView>
`;
