// Jest Snapshot v1, https://goo.gl/fbAQLP

exports[`renders correctly NoPartner 1`] = `
<RCTScrollView
  style={
    Object {
      "backgroundColor": "#FFFFFF",
      "flex": 1,
      "paddingHorizontal": 14,
    }
  }
>
  <View>
    <StickersImage
      sticker="earth"
    />
    <View
      style={
        Object {
          "alignItems": "center",
          "flex": 1,
        }
      }
    >
      <Text.H1
        style={
          Object {
            "paddingVertical": 14,
          }
        }
      >
        Hi there ðŸ‘‹
      </Text.H1>
      <Text.Primary
        style={
          Object {
            "paddingVertical": 4,
            "textAlign": "center",
          }
        }
      >
        Thanks for joining our fight against predatory behavior!
      </Text.Primary>
      <Text.Primary
        style={
          Object {
            "paddingVertical": 4,
            "textAlign": "center",
          }
        }
      >
        To start tracking your partners, tap the button below
      </Text.Primary>
      <Button.Primary
        fullWidth={true}
        onPress={[Function]}
        style={
          Object {
            "marginVertical": 20,
          }
        }
        textType="Primary"
      >
        <Text.Primary
          bold={true}
          white={true}
        >
          Add my first partner
        </Text.Primary>
      </Button.Primary>
    </View>
  </View>
</RCTScrollView>
`;
