// Jest Snapshot v1, https://goo.gl/fbAQLP

exports[`Consent actions should export expected actions 1`] = `
Object {
  "setMonthlyAcceptanceConsent": [Function],
}
`;
